
> empower-digital-solutions@0.0.1 build
> astro build

[2m23:05:09[22m [34m[content][39m Syncing content
[2m23:05:09[22m [34m[content][39m Synced content
[2m23:05:09[22m [34m[types][39m Generated [2m3.28s[22m
[2m23:05:09[22m [34m[build][39m output: [34m"server"[39m
[2m23:05:09[22m [34m[build][39m mode: [34m"server"[39m
[2m23:05:09[22m [34m[build][39m directory: [34mC:\Users\nicol\OneDrive\Desktop\the websites\digital solutions\empower-digital-solutions\dist\[39m
[2m23:05:09[22m [34m[build][39m adapter: [32m@astrojs/vercel[39m
[2m23:05:09[22m [34m[build][39m Collecting build info...
[2m23:05:09[22m [34m[build][39m [32mÔ£ô Completed in 3.56s.[39m
[2m23:05:09[22m [34m[build][39m Building server entrypoints...
node.exe : [31m[1m
23:05:13[22m 
[ERROR] [vite][39m 
[31mÔ£ù[39m Build 
failed in 3.89s
At line:1 char:1
+ & "C:\Program File
s\nodejs/node.exe" "
C:\Users\nicol\AppDa
ta\Roaming\ ...
+ ~~~~~~~~~~~~~~~~~~
~~~~~~~~~~~~~~~~~~~~
~~~~~~~~~~~~~~~~~~~~
~~~~~~~~~~~
    + CategoryInfo  
            : NotS  
  pecified: ([31   
 m[1m23:05:...f    
ailed in 3.89s:    
String) [], Rem    
oteException
    + FullyQualifie 
   dErrorId : Nati  
  veCommandError
 
Expected ">" but 
found "class"
  [1mLocation:[22m
    [4mC:/Users/nic
ol/OneDrive/Desktop/
the 
websites/digital sol
utions/empower-digit
al-solutions/src/pag
es/consulting.astro:
34:12[24m
  [1mStack 
trace:[22m
[2m    at 
failureErrorWithLog 
(C:\Users\nicol\OneD
rive\Desktop\the 
websites\digital sol
utions\empower-digit
al-solutions\node_mo
dules\esbuild\lib\ma
in.js:1467:15)
    at responseCallb
acks.<computed> (C:\
Users\nicol\OneDrive
\Desktop\the 
websites\digital sol
utions\empower-digit
al-solutions\node_mo
dules\esbuild\lib\ma
in.js:603:9)
    at Socket.readFr
omStdout (C:\Users\n
icol\OneDrive\Deskto
p\the 
websites\digital sol
utions\empower-digit
al-solutions\node_mo
dules\esbuild\lib\ma
in.js:581:7)
    at addChunk (nod
e:internal/streams/r
eadable:561:12)
    at 
Readable.push (node:
internal/streams/rea
dable:392:5)[22m
