node.exe : 
[2m11:43:36[22m [
31m[1m[vite][22m[
39m [31m[2m(ssr)[
22m[39m [31mError 
when evaluating SSR 
module C:\Users\nico
l\OneDrive\Desktop\t
he websites\digital 
solutions\empower-di
gital-solutions\astr
o.config.mjs: 
Cannot find module '
@astrojs/vercel/serv
erless' imported 
from 'C:/Users/nicol
/OneDrive/Desktop/th
e websites/digital s
olutions/empower-dig
ital-solutions/astro
.config.mjs'[39m
At line:1 char:1
+ & "C:\Program File
s\nodejs/node.exe" "
C:\Users\nicol\AppDa
ta\Roaming\ ...
+ ~~~~~~~~~~~~~~~~~~
~~~~~~~~~~~~~~~~~~~~
~~~~~~~~~~~~~~~~~~~~
~~~~~~~~~~~
    + CategoryInfo  
            : NotS  
  pecified: ([2m   
 11:43:36[2...o    
nfig.mjs'[39m:    
String) [], Rem    
oteException
    + FullyQualifie 
   dErrorId : Nati  
  veCommandError
 
      at 
fetchModule (file://
/C:/Users/nicol/OneD
rive/Desktop/the%20w
ebsites/digital%20so
lutions/empower-digi
tal-solutions/node_m
odules/astro/node_mo
dules/vite/dist/node
/chunks/dep-D4NMHUTW
.js:46842:19)
      at RunnableDev
Environment.fetchMod
ule (file:///C:/User
s/nicol/OneDrive/Des
ktop/the%20websites/
digital%20solutions/
empower-digital-solu
tions/node_modules/a
stro/node_modules/vi
te/dist/node/chunks/
dep-D4NMHUTW.js:4793
3:12)
      at 
fetchModule (file://
/C:/Users/nicol/OneD
rive/Desktop/the%20w
ebsites/digital%20so
lutions/empower-digi
tal-solutions/node_m
odules/astro/node_mo
dules/vite/dist/node
/chunks/dep-D4NMHUTW
.js:47887:21)
      at 
handleInvoke (file:/
//C:/Users/nicol/One
Drive/Desktop/the%20
websites/digital%20s
olutions/empower-dig
ital-solutions/node_
modules/astro/node_m
odules/vite/dist/nod
e/chunks/dep-D4NMHUT
W.js:39002:28)
      at EventEmitte
r.listenerForInvokeH
andler (file:///C:/U
sers/nicol/OneDrive/
Desktop/the%20websit
es/digital%20solutio
ns/empower-digital-s
olutions/node_module
s/astro/node_modules
/vite/dist/node/chun
ks/dep-D4NMHUTW.js:3
9075:25)
      at 
EventEmitter.emit 
(node:events:518:28)
      at 
Object.send (file://
/C:/Users/nicol/OneD
rive/Desktop/the%20w
ebsites/digital%20so
lutions/empower-digi
tal-solutions/node_m
odules/astro/node_mo
dules/vite/dist/node
/chunks/dep-D4NMHUTW
.js:25190:40)
      at 
Object.invoke (file:
///C:/Users/nicol/On
eDrive/Desktop/the%2
0websites/digital%20
solutions/empower-di
gital-solutions/node
_modules/astro/node_
modules/vite/dist/no
de/module-runner.js:
621:34)
      at 
Object.invoke (file:
///C:/Users/nicol/On
eDrive/Desktop/the%2
0websites/digital%20
solutions/empower-di
gital-solutions/node
_modules/astro/node_
modules/vite/dist/no
de/module-runner.js:
682:34)
      at SSRCompatMo
duleRunner.getModule
Information (file://
/C:/Users/nicol/OneD
rive/Desktop/the%20w
ebsites/digital%20so
lutions/empower-digi
tal-solutions/node_m
odules/astro/node_mo
dules/vite/dist/node
/module-runner.js:12
05:94)
[1m[31m[astro][39
m[22m Unable to 
load your Astro 
config

Cannot find module '
@astrojs/vercel/serv
erless' imported 
from 'C:/Users/nicol
/OneDrive/Desktop/th
e websites/digital s
olutions/empower-dig
ital-solutions/astro
.config.mjs'
  [1mLocation:[22m
    [4mC:\Users\nic
ol\OneDrive\Desktop\
the 
websites\digital sol
utions\empower-digit
al-solutions\node_mo
dules\astro\node_mod
ules\vite\dist\node\
chunks\dep-D4NMHUTW.
js:46842:19[24m
  [1mStack 
trace:[22m
[2m    at 
fetchModule (file://
/C:/Users/nicol/OneD
rive/Desktop/the%20w
ebsites/digital%20so
lutions/empower-digi
tal-solutions/node_m
odules/astro/node_mo
dules/vite/dist/node
/chunks/dep-D4NMHUTW
.js:46842:19)
    at fetchModule (
file:///C:/Users/nic
ol/OneDrive/Desktop/
the%20websites/digit
al%20solutions/empow
er-digital-solutions
/node_modules/astro/
node_modules/vite/di
st/node/chunks/dep-D
4NMHUTW.js:47887:21)
    at EventEmitter.
listenerForInvokeHan
dler (file:///C:/Use
rs/nicol/OneDrive/De
sktop/the%20websites
/digital%20solutions
/empower-digital-sol
utions/node_modules/
astro/node_modules/v
ite/dist/node/chunks
/dep-D4NMHUTW.js:390
75:25)
    at Object.send (
file:///C:/Users/nic
ol/OneDrive/Desktop/
the%20websites/digit
al%20solutions/empow
er-digital-solutions
/node_modules/astro/
node_modules/vite/di
st/node/chunks/dep-D
4NMHUTW.js:25190:40)
    at 
Object.invoke (file:
///C:/Users/nicol/On
eDrive/Desktop/the%2
0websites/digital%20
solutions/empower-di
gital-solutions/node
_modules/astro/node_
modules/vite/dist/no
de/module-runner.js:
682:34)[22m
